// Jest Snapshot v1, https://goo.gl/fbAQLP

exports[`Home basic render 1`] = `
Array [
  <div
    class="wrapper"
  />,
  <div
    class="header header menusHeader"
  >
    <div
      class="wrapper"
    >
      <a
        href="/"
      >
        <label
          class="logoIcon"
        >
          <img
            class="logo"
            src="/op-logo.svg"
          />
        </label>
        <label
          class="logoName"
        />
      </a>
      <a
        aria-current="false"
        class="login"
        href="/login"
      />
      <a
        class="upgrade"
        href="/user/provider/apply"
      >
        <span
          class="icon icon-shield shield"
          style="width:16px;height:16px"
        >
          <svg
            class="qicon qicon-shield qicon-white"
          >
            <use
              href="#qui-shield"
            />
          </svg>
        </span>
      </a>
    </div>
  </div>,
  <div
    class="banner banner stretch"
  >
    <div
      class="wrapper"
    >
      <div
        class="words"
      >
        <div
          class="name"
        />
        <div
          class="description"
        />
      </div>
      <div
        class="inputGroup search search"
      >
        <span
          class="icon icon-search"
          style="width:16px;height:16px"
        >
          <svg
            class="qicon qicon-magnifier qicon-light"
          >
            <use
              href="#qui-magnifier"
            />
          </svg>
        </span>
        <input
          class="input"
          placeholder=""
          type="text"
          value=""
        />
      </div>
    </div>
  </div>,
  <div
    class="page content"
  >
    <div
      class="container"
    >
      <div
        class="section section-size-dev-3 section-offset-dev-0"
      >
        <div
          class="nav"
        >
          <div
            class="navGrp"
          >
            <p
              class="caption"
            />
            <ul
              class="menu"
            >
              <li
                class="item"
              >
                <span
                  class="icon icon-cart icon"
                  style="width:24px;height:24px"
                >
                  <svg
                    class="qicon qicon-cart qicon-dark"
                  >
                    <use
                      href="#qui-cart"
                    />
                  </svg>
                </span>
                <span
                  class="name"
                />
              </li>
            </ul>
          </div>
          <div
            class="navGrp"
          >
            <p
              class="caption"
            />
            <ul
              class="menu"
            />
          </div>
        </div>
      </div>
      <div
        class="section section-size-dev-9 section-offset-dev-0"
      >
        <div
          class="apps"
        >
          <div
            class="appList fixNav"
          >
            <div
              class="title"
            />
          </div>
        </div>
      </div>
    </div>
  </div>,
  <div
    class="footer"
  >
    <div
      class="wrapper"
    >
      <div
        class="inner"
      >
        <span
          class="logo"
        >
          <img
            alt="logo"
            height="100%"
            src="/logo_grey.svg"
          />
        </span>
        <ul
          class="terms"
        >
          <li>
            <a
              href="https://docs.openpitrix.io/home/"
              rel="noopener noreferrer"
              target="_blank"
            />
          </li>
          <li>
            <a
              href="/user/provider/apply"
            />
          </li>
          <li>
            <a
              href="https://openpitrix.io"
              rel="noopener noreferrer"
              target="_blank"
            />
          </li>
          <li>
            OpenPitrix © 2019
          </li>
        </ul>
      </div>
    </div>
  </div>,
]
`;
