// Jest Snapshot v1, https://goo.gl/fbAQLP

exports[`Home basic render 1`] = `
<div
  class="layout"
>
  <div
    class="wrapper"
  />
  <div
    class=""
    style="max-width:100%"
  >
    <div
      class="wrapper"
    />
    <div
      class="content"
    >
      <div
        class="banner titleBanner"
      >
        <div
          class="wrapper"
        >
          <div
            class="words"
          >
            <div
              class="name"
            />
            <div
              class="description"
            />
          </div>
          <div
            class="inputGroup search search"
          >
            <span
              class="icon icon-search"
              style="width:16px;height:16px"
            >
              <svg
                class="qicon qicon-magnifier qicon-light"
              >
                <use
                  href="#qui-magnifier"
                />
              </svg>
            </span>
            <input
              class="input"
              placeholder=""
              type="text"
              value=""
            />
          </div>
        </div>
      </div>
      <div
        class="nav"
      >
        <div
          class="navGrp"
        >
          <p
            class="caption"
          />
          <ul
            class="menu"
          >
            <li
              class="item"
            >
              <span
                class="icon icon-cart icon"
                style="width:24px;height:24px"
              >
                <svg
                  class="qicon qicon-cart qicon-dark"
                >
                  <use
                    href="#qui-cart"
                  />
                </svg>
              </span>
              <span
                class="name"
              />
            </li>
          </ul>
        </div>
        <div
          class="navGrp"
        >
          <p
            class="caption"
          />
          <ul
            class="menu"
          />
        </div>
      </div>
      <div
        class="apps"
      >
        <div
          class=""
        >
          <div
            class="appList"
          >
            <div
              class="title"
            />
          </div>
        </div>
      </div>
    </div>
  </div>
</div>
`;
