// Jest Snapshot v1, https://goo.gl/fbAQLP

exports[`<App/> basic render 1`] = `
Array [
  <div
    class="header header lightHeader"
  >
    <div
      class="wrapper"
    >
      <a
        aria-current="false"
        class="logo"
        href="/"
      >
        <img
          alt="logo"
          height="100%"
          src="/assets/logo_dark.svg"
        />
      </a>
      <div
        class="menus"
      >
        <a
          aria-current="false"
          href="/login"
        />
      </div>
    </div>
  </div>,
  <div
    class="main"
  />,
  <div
    class="footer"
  >
    <div
      class="wrapper"
    >
      <span
        class="logo"
      >
        <img
          alt="logo"
          height="100%"
          src="/assets/logo_grey.svg"
        />
      </span>
      <ul
        class="terms"
      >
        <li>
          <a
            href="#"
          />
        </li>
        <li>
          <a
            href="#"
          />
        </li>
        <li>
          <a
            href="#"
          />
        </li>
        <li
          class="copyright"
        >
          OpenPitrix © 2018
        </li>
        <li>
          <a
            href="#"
          >
            中文
          </a>
        </li>
        <li>
          <span
            class="dot"
          />
        </li>
        <li>
          <a
            href="#"
          >
            English
          </a>
        </li>
      </ul>
    </div>
  </div>,
]
`;
