// Jest Snapshot v1, https://goo.gl/fbAQLP

exports[`Base/Tooltip basic render 1`] = `
<div
  class="tooltip test"
>
  <div
    class="target"
  >
    hover me
  </div>
  <div
    class="popper pi-tooltip-popper hover-popper"
    style="position:absolute;pointer-events:none;opacity:0"
  >
    test
  </div>
</div>
`;
