// Jest Snapshot v1, https://goo.gl/fbAQLP

exports[`Base/Tree basic render 1`] = `
<ul
  class="op-tree tree autoHeight"
  role="tree"
  unselectable="on"
>
  <li
    class="op-tree-treenode-switcher-close"
    role="treeitem"
  >
    <span
      class="op-tree-switcher op-tree-switcher_close"
    >
      <span
        class="icon icon-caret-right"
        style="width:16px;height:16px"
      >
        <svg
          class="qicon qicon-caret-right qicon-dark"
        >
          <use
            href="#qui-caret-right"
          />
        </svg>
      </span>
    </span>
    <span
      class="op-tree-node-content-wrapper op-tree-node-content-wrapper-close"
      title="parent 1"
    >
      <span
        class="op-tree-title"
      >
        parent 1
      </span>
    </span>
  </li>
</ul>
`;
