// Jest Snapshot v1, https://goo.gl/fbAQLP

exports[`Card basic render 1`] = `
<div
  class="card"
>
  <div
    class="icon"
  >
    <img
      alt="Icon"
      class="img"
      data-origin-url=""
      src=""
    />
  </div>
  <div
    class="name"
  />
  <pre
    class="desc"
  />
  <div
    class="attrs"
  >
    <dl>
      <dt
        class="label"
      >
        Service provider:
      </dt>
      <dd
        class="val"
      >
        unknown
      </dd>
    </dl>
    <dl>
      <dt
        class="label"
      >
        Delivery type:
      </dt>
      <dd
        class="val"
      >
        <div
          class="versionType"
        />
      </dd>
    </dl>
  </div>
</div>
`;
