// Jest Snapshot v1, https://goo.gl/fbAQLP

exports[`Component CheckFiles basic render 1`] = `
<div
  class="checkFiles test"
>
  <ul>
    <li
      class=""
    >
      <span
        class="name"
      >
        package.json
      </span>
      <div
        class="description"
      >
        #  
      </div>
    </li>
    <li
      class=""
    >
      <span
        class="name"
      >
        config.json
      </span>
      <div
        class="description"
      >
        #  
      </div>
    </li>
    <li
      class=""
    >
      <span
        class="name"
      >
        LICENSE
      </span>
      <div
        class="description"
      >
        #  
      </div>
    </li>
    <li
      class=""
    >
      <span
        class="name"
      >
        locale/en.json
      </span>
      <div
        class="description"
      >
        #  
        <span>
          []  
        </span>
      </div>
    </li>
    <li
      class=""
    >
      <span
        class="name"
      >
        locale/zh-en.json
      </span>
      <div
        class="description"
      >
        #  
        <span>
          []  
        </span>
      </div>
    </li>
  </ul>
  <div
    class="configMask"
  />
  <div
    class="document"
  >
    <span
      class="note"
    />
    <a
      href="https://docs.openpitrix.io/v0.3/zh-CN/developer-guide/openpitrix-developer-guide/"
      target="blank"
    >
      《》
    </a>
    。
  </div>
</div>
`;
