// Jest Snapshot v1, https://goo.gl/fbAQLP

exports[`Component EnhanceTable  basic render 1`] = `
<div
  class="table"
>
  <div
    class="pi-table pi-table-scroll-position-left"
  >
    <div
      class="pi-table-content"
    >
      <div
        class="pi-table-body"
      >
        <table
          class=""
        >
          <colgroup>
            <col
              style="width:150px;min-width:150px"
            />
            <col
              style="width:150px;min-width:150px"
            />
            <col
              style="width:100px;min-width:100px"
            />
            <col
              style="width:80px;min-width:80px"
            />
            <col
              style="width:80px;min-width:80px"
            />
            <col
              style="width:120px;min-width:120px"
            />
            <col
              style="width:120px;min-width:120px"
            />
            <col
              style="width:130px;min-width:130px"
            />
          </colgroup>
          <thead
            class="pi-table-thead"
          >
            <tr>
              <th
                class=""
              />
              <th
                class=""
              />
              <th
                class=""
              />
              <th
                class=""
              />
              <th
                class=""
              />
              <th
                class=""
              />
              <th
                class="boldFont"
              />
              <th
                class=""
              />
            </tr>
          </thead>
          <tbody
            class="pi-table-tbody"
          />
        </table>
      </div>
      <div
        class="pi-table-placeholder"
      >
        <div
          class="noData"
        >
          <span
            class="icon icon-appcenter"
            style="width:84px;height:84px"
          >
            <svg
              class="qicon qicon-appcenter qicon-dark"
            >
              <use
                href="#qui-appcenter"
              />
            </svg>
          </span>
          <div
            class="word"
          >
            !
          </div>
        </div>
      </div>
    </div>
  </div>
</div>
`;
