// Jest Snapshot v1, https://goo.gl/fbAQLP

exports[`Base/Button basic render 1`] = `
<button
  class="button default loading test"
  type="submit"
>
  <span
    class="icon icon-spinner"
    style="width:16px;height:16px"
  >
    <svg
      class="qicon qicon-spinner qicon-dark"
    >
      <use
        href="#spinner"
      />
    </svg>
  </span>
  test button
</button>
`;
