// Jest Snapshot v1, https://goo.gl/fbAQLP

exports[`Base/Pagination basic render 1`] = `
<div
  class="pagination test"
>
  <div
    class="total"
  >
    Total: 100
  </div>
  <div
    class="pageItems"
  >
    <span
      aria-disabled="false"
      class="btn"
    >
      <span
        class="icon icon-previous"
        style="width:16px;height:16px"
      >
        <svg
          class="qicon qicon-previous qicon-light"
        >
          <use
            href="#previous"
          />
        </svg>
      </span>
    </span>
    <span
      class="current"
    >
      2 / 5
    </span>
    <span
      aria-disabled="false"
      class="btn"
    >
      <span
        class="icon icon-next"
        style="width:16px;height:16px"
      >
        <svg
          class="qicon qicon-next qicon-light"
        >
          <use
            href="#next"
          />
        </svg>
      </span>
    </span>
  </div>
</div>
`;
