// Jest Snapshot v1, https://goo.gl/fbAQLP

exports[`Base/Table basic render 1`] = `
<div
  class="noData"
>
  <span
    class="icon icon-appcenter"
    style="width:120px;height:120px"
  >
    <svg
      class="qicon qicon-appcenter qicon-light"
    >
      <use
        href="#appcenter"
      />
    </svg>
  </span>
  <div
    class="word"
  />
</div>
`;
