// Jest Snapshot v1, https://goo.gl/fbAQLP

exports[`Base/Timeline basic render 1`] = `
<div
  class="timeline test"
>
  <div
    class="item"
  >
    <div
      class="line purple dotCustom"
    >
      <span>
        <span
          class="icon icon-stop"
          style="width:16px;height:16px"
        >
          <svg
            class="qicon qicon-stop qicon-light"
          >
            <use
              href="#stop"
            />
          </svg>
        </span>
      </span>
    </div>
    123
  </div>
  <div
    class="item"
  >
    <div
      class="line purple dotCustom"
    >
      <span>
        <span
          class="icon icon-refresh"
          style="width:16px;height:16px"
        >
          <svg
            class="qicon qicon-refresh qicon-light"
          >
            <use
              href="#refresh"
            />
          </svg>
        </span>
      </span>
    </div>
    456
  </div>
  <div
    class="item"
  >
    <div
      class="line blue"
    >
      <span />
    </div>
    789
  </div>
</div>
`;
